
> resizesuite@1.0.0 build
> cross-env NODE_OPTIONS="--max-old-space-size=8192 --max-semi-space-size=512" next build

   Γû▓ Next.js 15.5.6
   - Environments: .env.local
   - Experiments (use with caution):
     Γ£ô clientSegmentCache

   Creating an optimized production build ...
